
Running 20 tests using 4 workers

[1/20] [setup] › tests/e2e/admin-auth.setup.js:19:1 › authenticate as admin once for the whole suite
[2/20] [chromium] › tests/e2e/admin.spec.js:209:3 › Admin dashboard › adding a product and editing its price genuinely reflects on the real Shop page
[3/20] [chromium] › tests/e2e/admin-advanced.spec.js:206:5 › Admin — advanced coverage › staff permissions › staff permissions are genuinely enforced, not just hidden from the sidebar
[4/20] [chromium] › tests/e2e/admin.spec.js:199:3 › Admin dashboard › signing in as super admin reaches the dashboard
[5/20] [chromium] › tests/e2e/admin.spec.js:136:3 › Non-admin access is genuinely blocked, not just hidden from the nav › a regular customer can't reach the admin dashboard
[6/20] [chromium] › tests/e2e/homepage.spec.js:4:3 › Homepage › loads and shows the hero
[7/20] [chromium] › tests/e2e/homepage.spec.js:9:3 › Homepage › nav links reach their pages
[8/20] [chromium] › tests/e2e/mobile.spec.js:28:3 › Mobile viewport › the hamburger menu opens, and mobile nav links genuinely navigate
[9/20] [chromium] › tests/e2e/mobile.spec.js:53:3 › Mobile viewport › no unwanted horizontal overflow on the homepage at a real mobile width
[10/20] [chromium] › tests/e2e/mobile.spec.js:64:3 › Mobile viewport › adding an item to cart and opening the drawer is genuinely usable at mobile width
[11/20] [chromium] › tests/e2e/mobile.spec.js:90:5 › Mobile viewport › Admin access via the hamburger menu › the desktop Admin button is hidden, but the dashboard is still reachable via the hamburger menu's own link
[12/20] [chromium] › tests/e2e/shopping.spec.js:66:3 › Aroma Quiz › answering all 4 questions produces a matched variety
[13/20] [chromium] › tests/e2e/shopping.spec.js:85:3 › Cart and checkout › adding an item opens the cart drawer with the right contents
[14/20] [chromium] › tests/e2e/shopping.spec.js:99:3 › Cart and checkout › guest checkout is gated behind sign-in, reaches the real Paystack payment step
[15/20] [chromium] › tests/e2e/admin-advanced.spec.js:283:5 › Admin — advanced coverage › other admin coverage › adding a green coffee lot and editing its stock genuinely reflects on the real public Green Coffee page
[16/20] [chromium] › tests/e2e/admin-advanced.spec.js:334:3 › Admin — advanced coverage › other admin coverage › downloading a real order invoice PDF
[17/20] [chromium] › tests/e2e/admin-advanced.spec.js:357:3 › Admin — advanced coverage › other admin coverage › submitting a real quotation makes it show up in the admin notification bell
[18/20] [chromium] › tests/e2e/admin-advanced.spec.js:396:3 › Admin — advanced coverage › other admin coverage › settings backup and restore round-trips real in-memory admin data
[19/20] [chromium] › tests/e2e/admin-advanced.spec.js:421:3 › Admin — advanced coverage › other admin coverage › uploading a real product photo genuinely goes through Cloudinary, not just a local preview
[20/20] [chromium] › tests/e2e/admin-advanced.spec.js:465:3 › Admin — advanced coverage › other admin coverage › editing a product's name, country, and tier genuinely persists and reflects on the real Shop page
[21/20] (retries) [chromium] › tests/e2e/admin-advanced.spec.js:206:5 › Admin — advanced coverage › staff permissions › staff permissions are genuinely enforced, not just hidden from the sidebar (retry #1)
[22/20] (retries) [chromium] › tests/e2e/admin-advanced.spec.js:283:5 › Admin — advanced coverage › other admin coverage › adding a green coffee lot and editing its stock genuinely reflects on the real public Green Coffee page (retry #1)
  1) [chromium] › tests/e2e/admin-advanced.spec.js:283:5 › Admin — advanced coverage › other admin coverage › adding a green coffee lot and editing its stock genuinely reflects on the real public Green Coffee page 

    Error: openAdminDashboard: the Admin button never appeared, even after 2 reload retries.

      135 |       return;
      136 |     }
    > 137 |     if (attempt === 3) throw new Error("openAdminDashboard: the Admin button never appeared, even after 2 reload retries.");
          |                              ^
      138 |     await page.reload();
      139 |   }
      140 | }
        at openAdminDashboard (/Users/wandimiek/Downloads/morning-aroma-app/tests/e2e/admin-advanced.spec.js:137:30)
        at /Users/wandimiek/Downloads/morning-aroma-app/tests/e2e/admin-advanced.spec.js:287:5

    Error Context: test-results/admin-advanced-Admin-—-adv-3d53e-al-public-Green-Coffee-page-chromium/error-context.md

    attachment #2: trace (application/zip) ─────────────────────────────────────────────────────────
    test-results/admin-advanced-Admin-—-adv-3d53e-al-public-Green-Coffee-page-chromium/trace.zip
    Usage:

        npx playwright show-trace test-results/admin-advanced-Admin-—-adv-3d53e-al-public-Green-Coffee-page-chromium/trace.zip

    ────────────────────────────────────────────────────────────────────────────────────────────────

    Retry #1 ───────────────────────────────────────────────────────────────────────────────────────

    Error: openAdminDashboard: the Admin button never appeared, even after 2 reload retries.

      135 |       return;
      136 |     }
    > 137 |     if (attempt === 3) throw new Error("openAdminDashboard: the Admin button never appeared, even after 2 reload retries.");
          |                              ^
      138 |     await page.reload();
      139 |   }
      140 | }
        at openAdminDashboard (/Users/wandimiek/Downloads/morning-aroma-app/tests/e2e/admin-advanced.spec.js:137:30)
        at /Users/wandimiek/Downloads/morning-aroma-app/tests/e2e/admin-advanced.spec.js:287:5

    Error Context: test-results/admin-advanced-Admin-—-adv-3d53e-al-public-Green-Coffee-page-chromium-retry1/error-context.md

    attachment #2: trace (application/zip) ─────────────────────────────────────────────────────────
    test-results/admin-advanced-Admin-—-adv-3d53e-al-public-Green-Coffee-page-chromium-retry1/trace.zip
    Usage:

        npx playwright show-trace test-results/admin-advanced-Admin-—-adv-3d53e-al-public-Green-Coffee-page-chromium-retry1/trace.zip

    ────────────────────────────────────────────────────────────────────────────────────────────────


[23/20] (retries) [chromium] › tests/e2e/admin-advanced.spec.js:334:3 › Admin — advanced coverage › other admin coverage › downloading a real order invoice PDF (retry #1)
[24/20] (retries) [chromium] › tests/e2e/admin-advanced.spec.js:357:3 › Admin — advanced coverage › other admin coverage › submitting a real quotation makes it show up in the admin notification bell (retry #1)
[25/20] (retries) [chromium] › tests/e2e/admin-advanced.spec.js:396:3 › Admin — advanced coverage › other admin coverage › settings backup and restore round-trips real in-memory admin data (retry #1)
[26/20] (retries) [chromium] › tests/e2e/admin-advanced.spec.js:421:3 › Admin — advanced coverage › other admin coverage › uploading a real product photo genuinely goes through Cloudinary, not just a local preview (retry #1)
[27/20] (retries) [chromium] › tests/e2e/admin-advanced.spec.js:465:3 › Admin — advanced coverage › other admin coverage › editing a product's name, country, and tier genuinely persists and reflects on the real Shop page (retry #1)
  1 failed
    [chromium] › tests/e2e/admin-advanced.spec.js:283:5 › Admin — advanced coverage › other admin coverage › adding a green coffee lot and editing its stock genuinely reflects on the real public Green Coffee page 
  5 did not run
  14 passed (3.9m)
